---
source: tests/test_deser.rs
expression: data.len()
---
141
